[Redis] Client 已连接: localhost:6379
[Redis] Subscriber 已连接: localhost:6379
[MongoDB] 已连接: mongodb://localhost:27017/synccanvas
[MongoDB] 索引已创建
[MongoDB] 用户和画布集合索引已初始化
[Kafka] Producer 已连接: localhost:9092
{"level":"INFO","timestamp":"2026-06-03T06:50:41.282Z","logger":"kafkajs","message":"[Consumer] Starting","groupId":"persistence-service"}
{"level":"INFO","timestamp":"2026-06-03T06:50:41.361Z","logger":"kafkajs","message":"[ConsumerGroup] Consumer has joined the group","groupId":"persistence-service","memberId":"synccanvas-gateway-7c078f0c-05b8-4fb0-a868-a4a389574cbd","leaderId":"synccanvas-gateway-7c078f0c-05b8-4fb0-a868-a4a389574cbd","isLeader":true,"memberAssignment":{"canvas-operations":[0]},"groupProtocol":"RoundRobinAssigner","duration":75}
[Kafka] Consumer 已启动: topic=canvas-operations, groupId=persistence-service
===========================================
 SyncCanvas 网关服务 v2.0
 HTTP API:  http://10.138.77.29:3000/api/v1/
 WebSocket: ws://10.138.77.29:3000/ws
 提示: 打开 http://10.138.77.29:3000 访问应用
===========================================
[+] 用户连接: rt_a_1780469581796-jjw0qi, canvas=canvas-75c925518198, 当前在线: 1
[Room] rt_a_1780469581796-jjw0qi 加入画布 canvas-75c925518198 (房间人数: 1)
[Broadcast] 画布 canvas-75c925518198: 已发送给 1 个客户端, seq=undefined
[Redis] 已订阅频道: canvas:canvas-75c925518198
[Redis] 已订阅画布频道: canvas:canvas-75c925518198
[History] 画布 canvas-75c925518198: MongoDB 全量加载 0 条
[Redis] 已取消订阅频道: canvas:canvas-75c925518198
[Redis] 已取消订阅画布频道: canvas:canvas-75c925518198
[Room] rt_a_1780469581796-jjw0qi 离开画布 canvas-75c925518198 (房间人数: 0)
[-] 用户断开: rt_a_1780469581796-jjw0qi, canvas=canvas-75c925518198, 当前在线: 0
[+] 用户连接: rt_b_1780469581796-jjw0qi, canvas=canvas-75c925518198, 当前在线: 1
[Room] rt_b_1780469581796-jjw0qi 加入画布 canvas-75c925518198 (房间人数: 1)
[Broadcast] 画布 canvas-75c925518198: 已发送给 1 个客户端, seq=undefined
[Redis] 已订阅频道: canvas:canvas-75c925518198
[Redis] 已订阅画布频道: canvas:canvas-75c925518198
[History] 画布 canvas-75c925518198: MongoDB 全量加载 0 条
[消息] userId=rt_b_1780469581796-jjw0qi, canvas=canvas-75c925518198, action=stroke, id=remote-during-offline-1780469581796-jjw0qi, points=2
[Broadcast] 画布 canvas-75c925518198: 已发送给 1 个客户端, seq=26248
[Kafka] 批量保存完成: count=1, excluded=0, reason=schedule
[Redis] 已取消订阅频道: canvas:canvas-75c925518198
[Redis] 已取消订阅画布频道: canvas:canvas-75c925518198
[Room] rt_b_1780469581796-jjw0qi 离开画布 canvas-75c925518198 (房间人数: 0)
[-] 用户断开: rt_b_1780469581796-jjw0qi, canvas=canvas-75c925518198, 当前在线: 0
[+] 用户连接: rt_a_1780469581796-jjw0qi, canvas=canvas-75c925518198, 当前在线: 1
[Room] rt_a_1780469581796-jjw0qi 加入画布 canvas-75c925518198 (房间人数: 1)
[Broadcast] 画布 canvas-75c925518198: 已发送给 1 个客户端, seq=undefined
[Redis] 已订阅频道: canvas:canvas-75c925518198
[Redis] 已订阅画布频道: canvas:canvas-75c925518198
[History] 画布 canvas-75c925518198: Redis 缓存命中 1 条, 最新 seq=26248
[+] 用户连接: rt_a_1780469581796-jjw0qi, canvas=canvas-75c925518198, 当前在线: 1
[Room] rt_a_1780469581796-jjw0qi 加入画布 canvas-75c925518198 (房间人数: 1)
[Broadcast] 画布 canvas-75c925518198: 已发送给 1 个客户端, seq=undefined
[Redis] 已取消订阅频道: canvas:canvas-75c925518198
[Redis] 已取消订阅画布频道: canvas:canvas-75c925518198
[Room] rt_a_1780469581796-jjw0qi 离开画布 canvas-75c925518198 (房间人数: 1)
[-] 用户断开: rt_a_1780469581796-jjw0qi, canvas=canvas-75c925518198, 当前在线: 0
[Redis] 已订阅频道: canvas:canvas-75c925518198
[Redis] 已订阅画布频道: canvas:canvas-75c925518198
[History] 画布 canvas-75c925518198: Redis 缓存命中 1 条, 最新 seq=26248
[Redis] Client 已连接: localhost:6379
[Redis] Subscriber 已连接: localhost:6379
[MongoDB] 已连接: mongodb://localhost:27017/synccanvas
[MongoDB] 索引已创建
[MongoDB] 用户和画布集合索引已初始化
[Kafka] Producer 已连接: localhost:9092
{"level":"INFO","timestamp":"2026-06-03T06:53:11.321Z","logger":"kafkajs","message":"[Consumer] Starting","groupId":"persistence-service"}
{"level":"INFO","timestamp":"2026-06-03T06:53:34.496Z","logger":"kafkajs","message":"[ConsumerGroup] Consumer has joined the group","groupId":"persistence-service","memberId":"synccanvas-gateway-a56860f7-457c-491c-a790-a396b132389c","leaderId":"synccanvas-gateway-a56860f7-457c-491c-a790-a396b132389c","isLeader":true,"memberAssignment":{"canvas-operations":[0]},"groupProtocol":"RoundRobinAssigner","duration":23175}
[Kafka] Consumer 已启动: topic=canvas-operations, groupId=persistence-service
===========================================
 SyncCanvas 网关服务 v2.0
 HTTP API:  http://10.138.77.29:3000/api/v1/
 WebSocket: ws://10.138.77.29:3000/ws
 提示: 打开 http://10.138.77.29:3000 访问应用
===========================================
